// Jest Snapshot v1, https://goo.gl/fbAQLP

exports[`renders correctly 1`] = `
<div
  className="Person"
>
  <p
    id="person"
    onClick={[Function]}
  >
    I'm 
    Santosh
    , I am 
    45
     years old
  </p>
  <p
    id="message"
  />
  <input
    onChange={undefined}
    type="text"
    value="Santosh"
  />
</div>
`;
